// Jest Snapshot v1, https://goo.gl/fbAQLP

exports[`Card snapshot 1`] = `
<Box
  backgroundColor=""
  borderRadius="lg"
  borderWidth="1px"
  onTouchEnd={[Function]}
  onTouchStartCapture={[Function]}
  overflow="hidden"
  padding={4}
  shadow="md"
  transition="0.2s ease"
>
  <Box>
    Hiya
  </Box>
</Box>
`;
